path does not exist
0 2 6 4 7 , 7.0
0 2 1 3 , 17.0
path does not exist