4 6 2 0, 5.0
1 7 4, 7.0
path does not exist
5 0 2 6 4 7, 11.0